INFO     root:test_one.py:7 This is first step
INFO     root:test_one.py:13 This is first step
INFO     root:test_one.py:19 This is first step
INFO     root:test_three.py:7 This is first step
INFO     root:test_three.py:13 This is first step
INFO     root:test_three.py:19 This is first step
